config/ci.yml:1 density
config/ci.yml:1 history
db/migrations/001_init.sql:1 block-length
src/agents.ts:1 density
src/agents.ts:3 agent-instruction
src/agents.ts:6 agent-instruction
src/blocks.ts:1 block-length
src/blocks.ts:1 density
src/blocks.ts:1 file-length
src/blocks.ts:14 function-length
src/blocks.ts:17 block-length
src/blocks.ts:23 block-length
src/codes.ts:1 density
src/codes.ts:12 item-code
src/codes.ts:15 item-code
src/codes.ts:9 item-code
src/dense.ts:1 density
src/functions.ts:1 file-length
src/functions.ts:1 function-length
src/functions.ts:10 function-length
src/functions.ts:12 function-length
src/history.ts:1 density
src/history.ts:16 history
src/history.ts:3 history
src/history.ts:6 history
src/history.ts:9 history
src/long.ts:1 file-length
src/markers.ts:1 density
src/markers.ts:7 block-marker
src/trailing.tsx:1 history
src/trailing.tsx:14 agent-instruction
src/trailing.tsx:5 function-length
src/trailing.tsx:9 history
test/app.test.ts:1 density
test/app.test.ts:1 file-length
test/app.test.ts:23 block-length
